--> SELECT sname, major, class
  2  FROM Student
  3  WHERE major = 'ART'
  4  	OR class = 3;

SNAME        MAJO      CLASS                                                                        
------------ ---- ----------                                                                        
Susan        ENGL          3                                                                        
Monica       MATH          3                                                                        
Phoebe       ENGL          3                                                                        
Rachel       ENGL          3                                                                        
Cramer       ENGL          3                                                                        
Losmith      CHEM          3                                                                        
Gus          ART           3                                                                        

7 rows selected.

--> SPOOL OFF
